// Bun Snapshot v1, https://goo.gl/fbAQLP

exports[`Supertab .getOfferings return offerings with default currency 1`] = `
[
  {
    "description": "Test Offering Description",
    "id": "test-offering-id",
    "price": "$1.00",
    "prices": [
      {
        "amount": 100,
        "currency": "USD",
        "text": "$1.00",
      },
      {
        "amount": 100,
        "currency": "EUD",
        "text": "1.00",
      },
    ],
  },
]
`;
